Microchip MPLAB XC8 Compiler V2.36

Linker command line:

--edf=C:\Program Files\Microchip\xc8\v2.36\pic\dat\en_msgs.txt -cn \
  -h+dist/PICDEM_FSUSB/production\usb_laser.X.production.sym \
  --cmf=dist/PICDEM_FSUSB/production\usb_laser.X.production.cmf -z \
  -Q18F2550 -oC:\Users\OTAGAR~1\AppData\Local\Temp\xcAsaec.4 \
  --defsym=__MPLAB_BUILD=1 \
  -Mdist/PICDEM_FSUSB/production/usb_laser.X.production.map \
  --md=C:\Users\OTAGAR~1\AppData\Local\Temp\xcAsaec.dat -E1 \
  -ver=XC8 Compiler --acfsm=1493 -ACODE=00h-07FFFh -ACONST=00h-07FFFh \
  -ASMALLCONST=0800h-08FFhx120 -AMEDIUMCONST=0800h-07FFFh -ACOMRAM=01h-05Fh \
  -AABS1=00h-07FFh -ABIGRAM=01h-07FFh -ARAM=060h-0FFh,0100h-01FFhx7 \
  -ABANK0=060h-0FFh -ABANK1=0100h-01FFh -ABANK2=0200h-02FFh \
  -ABANK3=0300h-03FFh -ABANK4=0400h-04FFh -ABANK5=0500h-05FFh \
  -ABANK6=0600h-06FFh -ABANK7=0700h-07FFh -ASFR=0F60h-0FFFh \
  -ABIGSFR=0F60h-0FFFh -ACONFIG=0300000h-030000Dh -AIDLOC=0200000h-0200007h \
  -AEEDATA=0F00000h-0F000FFh -peeprom_data=EEDATA \
  -preset_vec=00h,intcode=08h,intcodelo,powerup,init -pramtop=0800h \
  -psmallconst=SMALLCONST -pmediumconst=MEDIUMCONST -pconst=CONST \
  -AFARRAM=00h-00h \
  -prdata=COMRAM,nvrram=COMRAM,nvbit=COMRAM,rbss=COMRAM,rbit=COMRAM \
  -pfarbss=FARRAM,fardata=FARRAM,nvFARRAM=FARRAM \
  -pintsave_regs=BIGRAM,bigbss=BIGRAM,bigdata=BIGRAM -pbss=RAM \
  -pidata=CODE,irdata=CODE,ibigdata=CODE,ifardata=CODE -prparam=COMRAM \
  C:\Users\OTAGAR~1\AppData\Local\Temp\xcAsaec.o \
  dist/PICDEM_FSUSB/production\usb_laser.X.production.o 

Object code version is 3.11

Machine type is 18F2550



                Name                               Link     Load   Length Selector   Space Scale
C:\Users\OTAGAR~1\AppData\Local\Temp\xcAsaec.o
                idloc                            200000   200000        8        0       5
                config                           300000   300000        E        0       4
                init                                  E        E        4        4       0
                reset_vec                             0        0        4        0       0
dist/PICDEM_FSUSB/production\usb_laser.X.production.o
                intcode                               8        8        6        4       0
                idloc                            200000   200000        8        0       5
                config                           300000   300000        E        0       4
                temp                                 5F       5F        1        1       1
                smallconst                          800      800       C8      400       0
                text45                             1EE4     1EE4      110      464       0
                text44                             1FF4     1FF4      104      464       0
                text43                             21EC     21EC       F2      464       0
                text42                             17CE     17CE      142      464       0
                text41                             2712     2712       76      464       0
                text40                             25D6     25D6       AC      464       0
                text39                             299E     299E       4C      464       0
                text38                             1A4E     1A4E      13E      464       0
                text37                             2C9A     2C9A       34      464       0
                text36                             2B0A     2B0A       48      464       0
                text35                             2AC2     2AC2       48      464       0
                text34                             20F8     20F8       F4      464       0
                text33                             112A     112A      164      464       0
                text32                             2BDE     2BDE       46      464       0
                text31                             2A7A     2A7A       48      464       0
                text30                             294E     294E       50      464       0
                text29                             252A     252A       AC      464       0
                text28                              8C8      8C8      352      464       0
                text27                             128E     128E      160      464       0
                text26                             1DCA     1DCA      11A      464       0
                text25                              FB4      FB4      176      464       0
                text24                             22DE     22DE       E6      464       0
                text23                             1CAE     1CAE      11C      464       0
                text22                             247C     247C       AE      464       0
                text21                             1684     1684      14A      464       0
                text20                             2682     2682       90      464       0
                text19                             28FE     28FE       50      464       0
                text18                             23C4     23C4       B8      464       0
                text17                             2C66     2C66       34      464       0
                text16                             27F4     27F4       60      464       0
                text15                             2CCE     2CCE       2E      464       0
                text14                             2C24     2C24       42      464       0
                text13                             153A     153A      14A      464       0
                text12                              C1A      C1A      224      464       0
                intcode_body                       2854     2854       5A      464       0
                text10                             2788     2788       6C      464       0
                text9                              2A32     2A32       48      464       0
                text8                              1910     1910      13E      464       0
                text7                              1B8C     1B8C      122      464       0
                text6                              2B98     2B98       46      464       0
                text5                              29EA     29EA       48      464       0
                text4                              28AE     28AE       50      464       0
                text3                              2B52     2B52       46      464       0
                text2                               E3E      E3E      176      464       0
                text1                              13EE     13EE      14C      464       0
                text0                              2D22     2D22       1A      464       0
                cstackCOMRAM                          1        1       35        1       1
                cstackBANK0                          74       74        2       60       1
                bssBANK0                             60       60       14       60       1
                bssCOMRAM                            36       36       29        1       1
                cinit                              2CFC     2CFC       26      464       0

TOTAL           Name                               Link     Load   Length     Space
        CLASS   CODE           
                intcode                               8        8        6         0
                init                                  E        E        4         0
                reset_vec                             0        0        4         0
                text45                             1EE4     1EE4      110         0
                text44                             1FF4     1FF4      104         0
                text43                             21EC     21EC       F2         0
                text42                             17CE     17CE      142         0
                text41                             2712     2712       76         0
                text40                             25D6     25D6       AC         0
                text39                             299E     299E       4C         0
                text38                             1A4E     1A4E      13E         0
                text37                             2C9A     2C9A       34         0
                text36                             2B0A     2B0A       48         0
                text35                             2AC2     2AC2       48         0
                text34                             20F8     20F8       F4         0
                text33                             112A     112A      164         0
                text32                             2BDE     2BDE       46         0
                text31                             2A7A     2A7A       48         0
                text30                             294E     294E       50         0
                text29                             252A     252A       AC         0
                text28                              8C8      8C8      352         0
                text27                             128E     128E      160         0
                text26                             1DCA     1DCA      11A         0
                text25                              FB4      FB4      176         0
                text24                             22DE     22DE       E6         0
                text23                             1CAE     1CAE      11C         0
                text22                             247C     247C       AE         0
                text21                             1684     1684      14A         0
                text20                             2682     2682       90         0
                text19                             28FE     28FE       50         0
                text18                             23C4     23C4       B8         0
                text17                             2C66     2C66       34         0
                text16                             27F4     27F4       60         0
                text15                             2CCE     2CCE       2E         0
                text14                             2C24     2C24       42         0
                text13                             153A     153A      14A         0
                text12                              C1A      C1A      224         0
                intcode_body                       2854     2854       5A         0
                text10                             2788     2788       6C         0
                text9                              2A32     2A32       48         0
                text8                              1910     1910      13E         0
                text7                              1B8C     1B8C      122         0
                text6                              2B98     2B98       46         0
                text5                              29EA     29EA       48         0
                text4                              28AE     28AE       50         0
                text3                              2B52     2B52       46         0
                text2                               E3E      E3E      176         0
                text1                              13EE     13EE      14C         0
                text0                              2D22     2D22       1A         0
                cinit                              2CFC     2CFC       26         0

        CLASS   CONST          

        CLASS   SMALLCONST     
                smallconst                          800      800       C8         0

        CLASS   MEDIUMCONST    

        CLASS   COMRAM         
                temp                                 5F       5F        1         1
                cstackCOMRAM                          1        1       35         1
                bssCOMRAM                            36       36       29         1

        CLASS   ABS1           
                abs_s1                              400      400       30         1
                abs_s1                              500      500       80         1

        CLASS   BIGRAM         

        CLASS   RAM            

        CLASS   BANK0          
                cstackBANK0                          74       74        2         1
                bssBANK0                             60       60       14         1

        CLASS   BANK1          

        CLASS   BANK2          

        CLASS   BANK3          

        CLASS   BANK4          

        CLASS   BANK5          

        CLASS   BANK6          

        CLASS   BANK7          

        CLASS   SFR            

        CLASS   BIGSFR         

        CLASS   CONFIG         
                config                           300000   300000        E         4

        CLASS   IDLOC          
                idloc                            200000   200000        8         5

        CLASS   EEDATA         

        CLASS   FARRAM         

        CLASS   HEAP           

        CLASS   STACK          



SEGMENTS        Name                           Load    Length   Top    Selector   Space  Class

                reset_vec                      000000  000004  000004         0       0  CODE    
                cstackCOMRAM                   000001  00005F  000060         1       1  COMRAM  
                intcode                        000008  00000A  000012         4       0  CODE    
                bssBANK0                       000060  000016  000076        60       1  BANK0   
                smallconst                     000800  0000C8  0008C8       400       0  SMALLCON
                text28                         0008C8  002474  002D3C       464       0  CODE    


UNUSED ADDRESS RANGES

        Name                Unused          Largest block    Delta
        BANK0            000076-0000FF               8A
        BANK1            000100-0001FF              100
        BANK2            000200-0002FF              100
        BANK3            000300-0003FF              100
        BANK4            000430-0004FF               D0
        BANK5            000580-0005FF               80
        BANK6            000600-0006FF              100
        BANK7            000700-0007FF              100
        BIGRAM           000076-0003FF              38A
                         000430-0004FF               D0
                         000580-0007FF              280
        BIGSFR           000F60-000FFF               A0
        CODE             000004-000007                4
                         000012-0007FF              7EE
                         002D3C-007FFF             52C4
        CONST            000004-000007                4
                         000012-0007FF              7EE
                         002D3C-007FFF             52C4
        EEDATA           F00000-F000FF              100
        MEDIUMCONST      002D3C-007FFF             52C4
        RAM              000076-0003FF              100
                         000430-0004FF               D0
                         000580-0007FF              100
        SFR              000F60-000FFF               A0
        SMALLCONST       002D3C-007FFF              100

                                  Symbol Table

?_USBTransferOnePacket                   cstackCOMRAM 00002A
?i2_USBTransferOnePacket                 cstackCOMRAM 000001
APP_LEDUpdateUSBStatus@ledCount          bssCOMRAM    00004C
BUTTON_Enable@button                     cstackCOMRAM 00002C
BUTTON_IsPressed@button                  cstackCOMRAM 00002C
LED_Enable@led                           cstackCOMRAM 00002C
LED_Off@led                              cstackCOMRAM 000003
LED_On@led                               cstackCOMRAM 000003
LED_Toggle@led                           cstackCOMRAM 00002C
SYSTEM_Initialize@state                  cstackCOMRAM 00002F
USBConfigureEndpoint@EPNum               cstackCOMRAM 000006
USBConfigureEndpoint@direction           cstackCOMRAM 000001
USBConfigureEndpoint@handle              cstackCOMRAM 000007
USBCtrlTrfInHandler@lastDTS              cstackCOMRAM 000002
USBCtrlTrfRxService@byteToRead           cstackCOMRAM 000002
USBCtrlTrfRxService@i                    cstackCOMRAM 000001
USBCtrlTrfTxService@byteToSend           cstackCOMRAM 000001
USBDeviceInit@i                          cstackBANK0  000074
USBDeviceTasks@i                         cstackCOMRAM 00001F
USBEnableEndpoint@ep                     cstackCOMRAM 00000C
USBEnableEndpoint@options                cstackCOMRAM 000009
USBEnableEndpoint@p                      cstackCOMRAM 00000A
USBStdFeatureReqHandler@current_ep_data  cstackCOMRAM 000019
USBStdFeatureReqHandler@p                cstackCOMRAM 00001A
USBStdFeatureReqHandler@pUEP             cstackCOMRAM 000017
USBStdGetStatusHandler@p                 cstackCOMRAM 000003
USBStdSetCfgHandler@i                    cstackCOMRAM 000015
USBTransferOnePacket@data                cstackCOMRAM 00002B
USBTransferOnePacket@dir                 cstackCOMRAM 00002A
USBTransferOnePacket@ep                  cstackCOMRAM 000032
USBTransferOnePacket@handle              cstackCOMRAM 000033
USBTransferOnePacket@len                 cstackCOMRAM 00002D
USER_USB_CALLBACK_EVENT_HANDLER@event    cstackCOMRAM 00000D
USER_USB_CALLBACK_EVENT_HANDLER@pdata    cstackCOMRAM 00000F
USER_USB_CALLBACK_EVENT_HANDLER@size     cstackCOMRAM 000011
_APP_DeviceCustomHIDInitialize           text37       002C9A
_APP_DeviceCustomHIDTasks                text7        001B8C
_APP_LEDUpdateUSBStatus                  text34       0020F8
_BDT                                     (abs)        000400
_BUTTON_Enable                           text6        002B98
_BUTTON_IsPressed                        text10       002788
_BothEP0OutUOWNsSet                      bssBANK0     00006F
_CtrlTrfData                             (abs)        000428
_INTCONbits                              (abs)        000FF2
_IPR2bits                                (abs)        000FA2
_LATAbits                                (abs)        000F89
_LATCbits                                (abs)        000F8B
_LED_Enable                              text5        0029EA
_LED_Off                                 text36       002B0A
_LED_On                                  text35       002AC2
_LED_Toggle                              text9        002A32
_PIE2bits                                (abs)        000FA0
_PIR2bits                                (abs)        000FA1
_PORTBbits                               (abs)        000F81
_RCONbits                                (abs)        000FD0
_ReceivedDataBuffer                      (abs)        000500
_RemoteWakeup                            bssBANK0     000071
_SYSTEM_Initialize                       text4        0028AE
_SYS_InterruptHigh                       intcode      000008
_SetupPkt                                (abs)        000420
_TRISAbits                               (abs)        000F92
_TRISBbits                               (abs)        000F93
_TRISCbits                               (abs)        000F94
_ToSendDataBuffer                        (abs)        000540
_UADDR                                   (abs)        000F6E
_UCFG                                    (abs)        000F6F
_UCON                                    (abs)        000F6D
_UCONbits                                (abs)        000F6D
_UEIE                                    (abs)        000F6B
_UEIR                                    (abs)        000F6A
_UEP0                                    (abs)        000F70
_UEP0bits                                (abs)        000F70
_UEP1                                    (abs)        000F71
_UIE                                     (abs)        000F69
_UIEbits                                 (abs)        000F69
_UIR                                     (abs)        000F68
_UIRbits                                 (abs)        000F68
_USB1msTickCount                         bssBANK0     000060
_USBActiveConfiguration                  bssCOMRAM    00005E
_USBAlternateInterface                   bssCOMRAM    00005D
_USBBusIsSuspended                       bssBANK0     000070
_USBCheckHIDRequest                      text33       00112A
_USBCheckStdRequest                      text23       001CAE
_USBConfigureEndpoint                    text40       0025D6
_USBCtrlEPAllowDataStage                 text22       00247C
_USBCtrlEPAllowStatusStage               text43       0021EC
_USBCtrlEPService                        text18       0023C4
_USBCtrlEPServiceComplete                text21       001684
_USBCtrlTrfInHandler                     text44       001FF4
_USBCtrlTrfOutHandler                    text41       002712
_USBCtrlTrfRxService                     text42       0017CE
_USBCtrlTrfSetupHandler                  text20       002682
_USBCtrlTrfTxService                     text45       001EE4
_USBDeferINDataStagePackets              bssBANK0     00006C
_USBDeferOUTDataStagePackets             bssBANK0     00006B
_USBDeferStatusStagePacket               bssCOMRAM    000056
_USBDeviceAttach                         text3        002B52
_USBDeviceInit                           text1        0013EE
_USBDeviceState                          bssCOMRAM    00005B
_USBDeviceTasks                          text12       000C1A
_USBEnableEndpoint                       text39       00299E
_USBInHandle                             bssBANK0     000064
_USBIncrement1msInternalTimers           text17       002C66
_USBOutHandle                            bssBANK0     000066
_USBStallHandler                         text16       0027F4
_USBStatusStageEnabledFlag1              bssBANK0     00006E
_USBStatusStageEnabledFlag2              bssBANK0     00006D
_USBStatusStageTimeoutCounter            bssCOMRAM    000057
_USBStdFeatureReqHandler                 text28       0008C8
_USBStdGetDscHandler                     text27       00128E
_USBStdGetStatusHandler                  text26       001DCA
_USBStdSetCfgHandler                     text24       0022DE
_USBSuspend                              text15       002CCE
_USBTicksSinceSuspendEnd                 bssBANK0     00006A
_USBTransferOnePacket                    text8        001910
_USBWakeFromSuspend                      text14       002C24
_USB_CD_Ptr                              smallconst   000807
_USB_SD_Ptr                              smallconst   000801
_USER_USB_CALLBACK_EVENT_HANDLER         text29       00252A
_USTAT                                   (abs)        000F6C
_USTATcopy                               bssCOMRAM    00005C
__HRAM                                   (abs)        000000
__Habs1                                  abs1         000000
__Hbank0                                 bank0        000000
__Hbank1                                 bank1        000000
__Hbank2                                 bank2        000000
__Hbank3                                 bank3        000000
__Hbank4                                 bank4        000000
__Hbank5                                 bank5        000000
__Hbank6                                 bank6        000000
__Hbank7                                 bank7        000000
__Hbigbss                                bigbss       000000
__Hbigdata                               bigdata      000000
__Hbigram                                bigram       000000
__Hbigsfr                                bigsfr       000000
__Hbss                                   bss          000000
__HbssBANK0                              bssBANK0     000000
__HbssCOMRAM                             bssCOMRAM    000000
__Hcinit                                 cinit        000000
__Hclrtext                               clrtext      000000
__Hcomram                                comram       000000
__Hconfig                                config       30000E
__Hconst                                 const        000000
__HcstackBANK0                           cstackBANK0  000000
__HcstackCOMRAM                          cstackCOMRAM 000000
__Hdata                                  data         000000
__Heeprom_data                           eeprom_data  000000
__Hfarbss                                farbss       000000
__Hfardata                               fardata      000000
__Hheap                                  heap         000000
__Hibigdata                              ibigdata     000000
__Hidata                                 idata        000000
__Hidloc                                 idloc        200008
__Hifardata                              ifardata     000000
__Hinit                                  init         000012
__Hintcode                               intcode      00000E
__Hintcode_body                          intcode_body 000000
__Hintcodelo                             intcodelo    00000E
__Hintentry                              intentry     000000
__Hintret                                intret       000000
__Hintsave_regs                          intsave_regs 000000
__Hirdata                                irdata       000000
__Hmediumconst                           mediumconst  000000
__HnvFARRAM                              nvFARRAM     000000
__Hnvbit                                 nvbit        000000
__Hnvrram                                nvrram       000000
__Hparam                                 rparam       000000
__Hpowerup                               powerup      00000E
__Hram                                   ram          000000
__Hramtop                                ramtop       000800
__Hrbit                                  rbit         000000
__Hrbss                                  rbss         000000
__Hrdata                                 rdata        000000
__Hreset_vec                             reset_vec    000004
__Hrparam                                rparam       000000
__Hsfr                                   sfr          000000
__Hsmallconst                            smallconst   0008C8
__Hspace_0                               (abs)        002D3C
__Hspace_1                               (abs)        000076
__Hspace_2                               (abs)        000000
__Hspace_4                               (abs)        60000E
__Hstack                                 stack        000000
__Hstruct                                struct       000000
__Htemp                                  temp         000060
__Htext                                  text         000000
__Htext0                                 text0        000000
__Htext1                                 text1        000000
__Htext10                                text10       000000
__Htext12                                text12       000000
__Htext13                                text13       000000
__Htext14                                text14       000000
__Htext15                                text15       000000
__Htext16                                text16       000000
__Htext17                                text17       000000
__Htext18                                text18       000000
__Htext19                                text19       000000
__Htext2                                 text2        000000
__Htext20                                text20       000000
__Htext21                                text21       000000
__Htext22                                text22       000000
__Htext23                                text23       000000
__Htext24                                text24       000000
__Htext25                                text25       000000
__Htext26                                text26       000000
__Htext27                                text27       000000
__Htext28                                text28       000000
__Htext29                                text29       000000
__Htext3                                 text3        000000
__Htext30                                text30       000000
__Htext31                                text31       000000
__Htext32                                text32       000000
__Htext33                                text33       000000
__Htext34                                text34       000000
__Htext35                                text35       000000
__Htext36                                text36       000000
__Htext37                                text37       000000
__Htext38                                text38       000000
__Htext39                                text39       000000
__Htext4                                 text4        000000
__Htext40                                text40       000000
__Htext41                                text41       000000
__Htext42                                text42       000000
__Htext43                                text43       000000
__Htext44                                text44       000000
__Htext45                                text45       000000
__Htext5                                 text5        000000
__Htext6                                 text6        000000
__Htext7                                 text7        000000
__Htext8                                 text8        000000
__Htext9                                 text9        000000
__LRAM                                   (abs)        000001
__Labs1                                  abs1         000000
__Lbank0                                 bank0        000000
__Lbank1                                 bank1        000000
__Lbank2                                 bank2        000000
__Lbank3                                 bank3        000000
__Lbank4                                 bank4        000000
__Lbank5                                 bank5        000000
__Lbank6                                 bank6        000000
__Lbank7                                 bank7        000000
__Lbigbss                                bigbss       000000
__Lbigdata                               bigdata      000000
__Lbigram                                bigram       000000
__Lbigsfr                                bigsfr       000000
__Lbss                                   bss          000000
__LbssBANK0                              bssBANK0     000000
__LbssCOMRAM                             bssCOMRAM    000000
__Lcinit                                 cinit        000000
__Lclrtext                               clrtext      000000
__Lcomram                                comram       000000
__Lconfig                                config       000000
__Lconst                                 const        000000
__LcstackBANK0                           cstackBANK0  000000
__LcstackCOMRAM                          cstackCOMRAM 000000
__Ldata                                  data         000000
__Leeprom_data                           eeprom_data  000000
__Lfarbss                                farbss       000000
__Lfardata                               fardata      000000
__Lheap                                  heap         000000
__Libigdata                              ibigdata     000000
__Lidata                                 idata        000000
__Lidloc                                 idloc        000000
__Lifardata                              ifardata     000000
__Linit                                  init         00000E
__Lintcode                               intcode      000008
__Lintcode_body                          intcode_body 000000
__Lintcodelo                             intcodelo    00000E
__Lintentry                              intentry     000000
__Lintret                                intret       000000
__Lintsave_regs                          intsave_regs 000000
__Lirdata                                irdata       000000
__Lmediumconst                           mediumconst  000000
__LnvFARRAM                              nvFARRAM     000000
__Lnvbit                                 nvbit        000000
__Lnvrram                                nvrram       000000
__Lparam                                 rparam       000000
__Lpowerup                               powerup      00000E
__Lram                                   ram          000000
__Lramtop                                ramtop       000800
__Lrbit                                  rbit         000000
__Lrbss                                  rbss         000000
__Lrdata                                 rdata        000000
__Lreset_vec                             reset_vec    000000
__Lrparam                                rparam       000000
__Lsfr                                   sfr          000000
__Lsmallconst                            smallconst   000800
__Lspace_0                               (abs)        000000
__Lspace_1                               (abs)        000000
__Lspace_2                               (abs)        000000
__Lspace_4                               (abs)        000000
__Lstack                                 stack        000000
__Lstruct                                struct       000000
__Ltemp                                  temp         00005F
__Ltext                                  text         000000
__Ltext0                                 text0        000000
__Ltext1                                 text1        000000
__Ltext10                                text10       000000
__Ltext12                                text12       000000
__Ltext13                                text13       000000
__Ltext14                                text14       000000
__Ltext15                                text15       000000
__Ltext16                                text16       000000
__Ltext17                                text17       000000
__Ltext18                                text18       000000
__Ltext19                                text19       000000
__Ltext2                                 text2        000000
__Ltext20                                text20       000000
__Ltext21                                text21       000000
__Ltext22                                text22       000000
__Ltext23                                text23       000000
__Ltext24                                text24       000000
__Ltext25                                text25       000000
__Ltext26                                text26       000000
__Ltext27                                text27       000000
__Ltext28                                text28       000000
__Ltext29                                text29       000000
__Ltext3                                 text3        000000
__Ltext30                                text30       000000
__Ltext31                                text31       000000
__Ltext32                                text32       000000
__Ltext33                                text33       000000
__Ltext34                                text34       000000
__Ltext35                                text35       000000
__Ltext36                                text36       000000
__Ltext37                                text37       000000
__Ltext38                                text38       000000
__Ltext39                                text39       000000
__Ltext4                                 text4        000000
__Ltext40                                text40       000000
__Ltext41                                text41       000000
__Ltext42                                text42       000000
__Ltext43                                text43       000000
__Ltext44                                text44       000000
__Ltext45                                text45       000000
__Ltext5                                 text5        000000
__Ltext6                                 text6        000000
__Ltext7                                 text7        000000
__Ltext8                                 text8        000000
__Ltext9                                 text9        000000
__S0                                     (abs)        002D3C
__S1                                     (abs)        000076
__S4                                     (abs)        000000
__S5                                     (abs)        000000
___heap_hi                               (abs)        000000
___heap_lo                               (abs)        000000
___inthi_sp                              stack        000000
___intlo_sp                              stack        000000
___param_bank                            (abs)        000000
___rparam_used                           (abs)        000001
___sp                                    stack        000000
__accesstop                              (abs)        000060
__activetblptr                           (abs)        000002
__end_of_APP_DeviceCustomHIDInitialize   text37       002CCE
__end_of_APP_DeviceCustomHIDTasks        text7        001CAE
__end_of_APP_LEDUpdateUSBStatus          text34       0021EC
__end_of_BUTTON_Enable                   text6        002BDE
__end_of_BUTTON_IsPressed                text10       0027F4
__end_of_LED_Enable                      text5        002A32
__end_of_LED_Off                         text36       002B52
__end_of_LED_On                          text35       002B0A
__end_of_LED_Toggle                      text9        002A7A
__end_of_SYSTEM_Initialize               text4        0028FE
__end_of_SYS_InterruptHigh               intcode_body 0028AE
__end_of_USBCheckHIDRequest              text33       00128E
__end_of_USBCheckStdRequest              text23       001DCA
__end_of_USBConfigureEndpoint            text40       002682
__end_of_USBCtrlEPAllowDataStage         text22       00252A
__end_of_USBCtrlEPAllowStatusStage       text43       0022DE
__end_of_USBCtrlEPService                text18       00247C
__end_of_USBCtrlEPServiceComplete        text21       0017CE
__end_of_USBCtrlTrfInHandler             text44       0020F8
__end_of_USBCtrlTrfOutHandler            text41       002788
__end_of_USBCtrlTrfRxService             text42       001910
__end_of_USBCtrlTrfSetupHandler          text20       002712
__end_of_USBCtrlTrfTxService             text45       001FF4
__end_of_USBDeviceAttach                 text3        002B98
__end_of_USBDeviceInit                   text1        00153A
__end_of_USBDeviceTasks                  text12       000E3E
__end_of_USBEnableEndpoint               text39       0029EA
__end_of_USBIncrement1msInternalTimers   text17       002C9A
__end_of_USBStallHandler                 text16       002854
__end_of_USBStdFeatureReqHandler         text28       000C1A
__end_of_USBStdGetDscHandler             text27       0013EE
__end_of_USBStdGetStatusHandler          text26       001EE4
__end_of_USBStdSetCfgHandler             text24       0023C4
__end_of_USBSuspend                      text15       002CFC
__end_of_USBTransferOnePacket            text8        001A4E
__end_of_USBWakeFromSuspend              text14       002C66
__end_of_USB_CD_Ptr                      smallconst   000809
__end_of_USB_SD_Ptr                      smallconst   000807
__end_of_USER_USB_CALLBACK_EVENT_HANDLER text29       0025D6
__end_of__initialization                 cinit        002D14
__end_of_configDescriptor1               smallconst   000894
__end_of_device_dsc                      smallconst   0008C3
__end_of_hid_rpt01                       smallconst   0008B1
__end_of_main                            text0        002D3C
__end_of_memcpy                          text19       00294E
__end_of_memset                          text2        000FB4
__end_of_sd000                           smallconst   0008C7
__end_of_sd001                           smallconst   00083D
__end_of_sd002                           smallconst   00086B
__end_ofi2_BUTTON_Enable                 text32       002C24
__end_ofi2_LED_Enable                    text31       002AC2
__end_ofi2_SYSTEM_Initialize             text30       00299E
__end_ofi2_USBDeviceInit                 text13       001684
__end_ofi2_USBTransferOnePacket          text38       001B8C
__end_ofi2_memset                        text25       00112A
__initialization                         cinit        002CFC
__mediumconst                            mediumconst  000000
__pbssBANK0                              bssBANK0     000060
__pbssCOMRAM                             bssCOMRAM    000036
__pcinit                                 cinit        002CFC
__pcstackBANK0                           cstackBANK0  000074
__pcstackCOMRAM                          cstackCOMRAM 000001
__pintcode                               intcode      000008
__pintcode_body                          intcode_body 002854
__psmallconst                            smallconst   000800
__ptext0                                 text0        002D22
__ptext1                                 text1        0013EE
__ptext10                                text10       002788
__ptext12                                text12       000C1A
__ptext13                                text13       00153A
__ptext14                                text14       002C24
__ptext15                                text15       002CCE
__ptext16                                text16       0027F4
__ptext17                                text17       002C66
__ptext18                                text18       0023C4
__ptext19                                text19       0028FE
__ptext2                                 text2        000E3E
__ptext20                                text20       002682
__ptext21                                text21       001684
__ptext22                                text22       00247C
__ptext23                                text23       001CAE
__ptext24                                text24       0022DE
__ptext25                                text25       000FB4
__ptext26                                text26       001DCA
__ptext27                                text27       00128E
__ptext28                                text28       0008C8
__ptext29                                text29       00252A
__ptext3                                 text3        002B52
__ptext30                                text30       00294E
__ptext31                                text31       002A7A
__ptext32                                text32       002BDE
__ptext33                                text33       00112A
__ptext34                                text34       0020F8
__ptext35                                text35       002AC2
__ptext36                                text36       002B0A
__ptext37                                text37       002C9A
__ptext38                                text38       001A4E
__ptext39                                text39       00299E
__ptext4                                 text4        0028AE
__ptext40                                text40       0025D6
__ptext41                                text41       002712
__ptext42                                text42       0017CE
__ptext43                                text43       0021EC
__ptext44                                text44       001FF4
__ptext45                                text45       001EE4
__ptext5                                 text5        0029EA
__ptext6                                 text6        002B98
__ptext7                                 text7        001B8C
__ptext8                                 text8        001910
__ptext9                                 text9        002A32
__ramtop                                 ramtop       000800
__smallconst                             smallconst   000800
_active_protocol                         bssBANK0     000072
_configDescriptor1                       smallconst   00086B
_controlTransferState                    bssCOMRAM    000059
_device_dsc                              smallconst   0008B1
_endpoint_number                         bssCOMRAM    000058
_ep_data_in                              bssCOMRAM    000050
_ep_data_out                             bssCOMRAM    00004E
_hid_rpt01                               smallconst   000894
_idle_rate                               bssBANK0     000073
_inPipes                                 bssCOMRAM    00003E
_main                                    text0        002D22
_memcpy                                  text19       0028FE
_memset                                  text2        000E3E
_outPipes                                bssCOMRAM    000036
_pBDTEntryEP0OutCurrent                  bssCOMRAM    000054
_pBDTEntryEP0OutNext                     bssCOMRAM    000052
_pBDTEntryIn                             bssCOMRAM    000044
_pBDTEntryOut                            bssCOMRAM    000048
_pDst                                    bssBANK0     000068
_sd000                                   smallconst   0008C3
_sd001                                   smallconst   000809
_sd002                                   smallconst   00083D
_shortPacketStatus                       bssCOMRAM    00005A
btemp                                    temp         00005F
end_of_initialization                    cinit        002D14
i2BUTTON_Enable@button                   cstackCOMRAM 000003
i2LED_Enable@led                         cstackCOMRAM 000003
i2SYSTEM_Initialize@state                cstackCOMRAM 000006
i2USBDeviceInit@i                        cstackCOMRAM 00000D
i2USBTransferOnePacket@data              cstackCOMRAM 000002
i2USBTransferOnePacket@dir               cstackCOMRAM 000001
i2USBTransferOnePacket@ep                cstackCOMRAM 000009
i2USBTransferOnePacket@handle            cstackCOMRAM 00000A
i2USBTransferOnePacket@len               cstackCOMRAM 000004
i2_BUTTON_Enable                         text32       002BDE
i2_LED_Enable                            text31       002A7A
i2_SYSTEM_Initialize                     text30       00294E
i2_USBDeviceInit                         text13       00153A
i2_USBTransferOnePacket                  text38       001A4E
i2_memset                                text25       000FB4
i2memset@c                               cstackCOMRAM 000003
i2memset@dest                            cstackCOMRAM 000001
i2memset@k                               cstackCOMRAM 000009
i2memset@n                               cstackCOMRAM 000005
i2memset@s                               cstackCOMRAM 00000B
int$flags                                temp         00005F
int_func                                 intcode_body 002854
intlevel0                                text         000000
intlevel1                                text         000000
intlevel2                                text         000000
intlevel3                                text         000000
isa$std                                  (abs)        000001
isa$xinst                                (abs)        000000
memcpy@d                                 cstackCOMRAM 000007
memcpy@d1                                cstackCOMRAM 000001
memcpy@n                                 cstackCOMRAM 000005
memcpy@s                                 cstackCOMRAM 000009
memcpy@s1                                cstackCOMRAM 000003
memcpy@tmp                               cstackCOMRAM 00000B
memset@c                                 cstackCOMRAM 00002C
memset@dest                              cstackCOMRAM 00002A
memset@k                                 cstackCOMRAM 000032
memset@n                                 cstackCOMRAM 00002E
memset@s                                 cstackCOMRAM 000034
stackhi                                  (abs)        000000
stacklo                                  (abs)        000000
start                                    init         00000E
start_initialization                     cinit        002CFC
ttemp5                                   temp         000060
ttemp6                                   temp         000063
ttemp7                                   temp         000067
wtemp8                                   temp         000060


MODULE INFORMATION

Module		Function		Class		Link	Load	Size
../demo_src/usb_events.c
		_USER_USB_CALLBACK_EVENT_HANDLER		CODE           	252A	0000	172

../demo_src/usb_events.c estimated size: 172

C:\Program Files\Microchip\xc8\v2.36\pic\sources\c99\common\memset.c
		_memset        		CODE           	0E3E	0000	374

C:\Program Files\Microchip\xc8\v2.36\pic\sources\c99\common\memset.c estimated size: 374

../../../../../../framework/usb/src/usb_device.c
		_USBCtrlTrfInHandler		CODE           	1FF4	0000	260
		_USBTransferOnePacket		CODE           	1910	0000	318
		_USBDeviceAttach		CODE           	2B52	0000	70
		_USBStdGetDscHandler		CODE           	128E	0000	352
		_USBCtrlEPAllowDataStage		CODE           	247C	0000	174
		_USBStdFeatureReqHandler		CODE           	08C8	0000	850
		_USBCtrlEPAllowStatusStage		CODE           	21EC	0000	242
		_USBCtrlTrfSetupHandler		CODE           	2682	0000	144
		_USBCtrlTrfOutHandler		CODE           	2712	0000	118
		_USBCtrlEPServiceComplete		CODE           	1684	0000	330
		_USBSuspend    		CODE           	2CCE	0000	46
		_USBStdSetCfgHandler		CODE           	22DE	0000	230
		_USBStdGetStatusHandler		CODE           	1DCA	0000	282
		_USBWakeFromSuspend		CODE           	2C24	0000	66
		_USBCtrlTrfRxService		CODE           	17CE	0000	322
		_USBCtrlTrfTxService		CODE           	1EE4	0000	272
		_USBEnableEndpoint		CODE           	299E	0000	76
		_USBConfigureEndpoint		CODE           	25D6	0000	172
		_USBDeviceInit 		CODE           	13EE	0000	332
		_USBIncrement1msInternalTimers		CODE           	2C66	0000	52
		_USBCtrlEPService		CODE           	23C4	0000	184
		_USBStallHandler		CODE           	27F4	0000	96
		_USBDeviceTasks		CODE           	0C1A	0000	548
		_USBCheckStdRequest		CODE           	1CAE	0000	284

../../../../../../framework/usb/src/usb_device.c estimated size: 5820

../../../../../../framework/usb/src/usb_device_hid.c
		_USBCheckHIDRequest		CODE           	112A	0000	356

../../../../../../framework/usb/src/usb_device_hid.c estimated size: 356

../demo_src/app_device_custom_hid.c
		_APP_DeviceCustomHIDTasks		CODE           	1B8C	0000	290
		_APP_DeviceCustomHIDInitialize		CODE           	2C9A	0000	52

../demo_src/app_device_custom_hid.c estimated size: 342

shared
		_configDescriptor1		SMALLCONST     	086B	0000	41
		_USB_CD_Ptr    		SMALLCONST     	0807	0000	2
		_sd001         		SMALLCONST     	0809	0000	52
		i2_BUTTON_Enable		CODE           	2BDE	0000	70
		_sd002         		SMALLCONST     	083D	0000	46
		i2_USBDeviceInit		CODE           	153A	0000	330
		__initialization		CODE           	2CFC	0000	24
		_device_dsc    		SMALLCONST     	08B1	0000	18
		i2_SYSTEM_Initialize		CODE           	294E	0000	80
		_USB_SD_Ptr    		SMALLCONST     	0801	0000	6
		i2_LED_Enable  		CODE           	2A7A	0000	72
		_hid_rpt01     		SMALLCONST     	0894	0000	29
		i2_memset      		CODE           	0FB4	0000	374
		_sd000         		SMALLCONST     	08C3	0000	4
		i2_USBTransferOnePacket		CODE           	1A4E	0000	318

shared estimated size: 1466

../../../../../../bsp/picdem_fs_usb/leds.c
		_LED_Off       		CODE           	2B0A	0000	72
		_LED_On        		CODE           	2AC2	0000	72
		_LED_Enable    		CODE           	29EA	0000	72
		_LED_Toggle    		CODE           	2A32	0000	72

../../../../../../bsp/picdem_fs_usb/leds.c estimated size: 288

C:\Program Files\Microchip\xc8\v2.36\pic\sources\c99\common\memcpy.c
		_memcpy        		CODE           	28FE	0000	80

C:\Program Files\Microchip\xc8\v2.36\pic\sources\c99\common\memcpy.c estimated size: 80

system.c
		_SYS_InterruptHigh		CODE           	0008	0000	96
		_SYSTEM_Initialize		CODE           	28AE	0000	80

system.c estimated size: 176

../demo_src/app_led_usb_status.c
		_APP_LEDUpdateUSBStatus		CODE           	20F8	0000	244

../demo_src/app_led_usb_status.c estimated size: 244

../demo_src/main.c
		_main          		CODE           	2D22	0000	26

../demo_src/main.c estimated size: 26

../../../../../../bsp/picdem_fs_usb/buttons.c
		_BUTTON_IsPressed		CODE           	2788	0000	108
		_BUTTON_Enable 		CODE           	2B98	0000	70

../../../../../../bsp/picdem_fs_usb/buttons.c estimated size: 178

